Namespace(cfg='/home/zhhb/Projects/mypose/src/config/wholebody/res50_384x288_adamw_lr1e-4.yaml', opts=[], modelDir='', logDir='', dataDir='', prevModelDir='')
AUTO_RESUME: False
CUDNN:
  BENCHMARK: True
  DETERMINISTIC: False
  ENABLED: True
DATASET:
  COLOR_RGB: False
  DATASET: wholebody
  DATA_FORMAT: jpg
  FLIP: True
  HYBRID_JOINTS_TYPE: 
  INTERVAL: 1
  NUM_JOINTS_HALF_BODY: 8
  PROB_HALF_BODY: 0.0
  ROOT: /home/zhhb/Projects/mmpose/data/coco
  ROT_FACTOR: 40
  SCALE_FACTOR: 0.3
  SELECT_DATA: False
  TEST_SET: val2017
  TRAIN_SET: train2017
DATA_DIR: 
DEBUG:
  DEBUG: True
  SAVE_BATCH_IMAGES_GT: True
  SAVE_BATCH_IMAGES_PRED: True
  SAVE_HEATMAPS_GT: False
  SAVE_HEATMAPS_PRED: False
GPUS: (0,)
LOG_DIR: log
LOSS:
  TOPK: 8
  USE_DIFFERENT_JOINTS_WEIGHT: False
  USE_OHKM: False
  USE_TARGET_WEIGHT: True
MODEL:
  EXTRA:
    AUX_LOSS: True
    DEC_LAYERS: 6
    DILATION: False
    DIM_FEEDFORWARD: 2048
    DROPOUT: 0.0
    ENC_LAYERS: 6
    EOS_COEF: 0.1
    HIDDEN_DIM: 256
    KPT_LOSS_COEF: 5.0
    NHEADS: 8
    NUM_LAYERS: 50
    NUM_QUERIES: 300
    POS_EMBED_METHOD: sine
    PRE_NORM: False
  HEATMAP_SIZE: [72, 96]
  IMAGE_SIZE: [288, 384]
  INIT_WEIGHTS: True
  NAME: pose_transformer
  NUM_JOINTS: 133
  PRETRAINED: 
  SIGMA: 2
  TAG_PER_JOINT: True
  TARGET_TYPE: coord
OUTPUT_DIR: output
PIN_MEMORY: True
PRINT_FREQ: 50
RANK: 0
SAVE_FREQ: 1
TEST:
  BATCH_SIZE_PER_GPU: 64
  BBOX_THRE: 1.0
  COCO_BBOX_FILE: /home/zhhb/Projects/mmpose/data/coco/person_detection_results/COCO_val2017_detections_AP_H_56_person.json
  FLIP_TEST: True
  IMAGE_THRE: 0.0
  INCLUDE_BG_LOGIT: False
  IN_VIS_THRE: 0.2
  MODEL_FILE: 
  NMS_THRE: 1.0
  OKS_THRE: 0.9
  POST_PROCESS: True
  SHIFT_HEATMAP: True
  SOFT_NMS: False
  USE_GT_BBOX: True
TRAIN:
  BATCH_SIZE_PER_GPU: 64
  BEGIN_EPOCH: 0
  CHECKPOINT: 
  CLIP_MAX_NORM: 0.1
  END_EPOCH: 200
  EVAL_PER_EPOCH: 10
  GAMMA1: 0.99
  GAMMA2: 0.0
  LR: 0.0001
  LR_BACKBONE: 1e-05
  LR_FACTOR: 0.5
  LR_STEP: [120, 140]
  MOMENTUM: 0.9
  NESTEROV: False
  OPTIMIZER: adamW
  RESUME: False
  SHUFFLE: True
  WD: 0.0001
WORKERS: 8
/home/zhhb/miniconda3/envs/mypose/lib/python3.9/site-packages/torchvision/models/_utils.py:208: UserWarning: The parameter 'pretrained' is deprecated since 0.13 and may be removed in the future, please use 'weights' instead.
  warnings.warn(
/home/zhhb/miniconda3/envs/mypose/lib/python3.9/site-packages/torchvision/models/_utils.py:223: UserWarning: Arguments other than a weight enum or `None` for 'weights' are deprecated since 0.13 and may be removed in the future. The current behavior is equivalent to passing `weights=ResNet50_Weights.IMAGENET1K_V1`. You can also use `weights=ResNet50_Weights.DEFAULT` to get the most up-to-date weights.
  warnings.warn(msg)
=> Loading backbone, pretrained: True
=> classes: ['__background__', 'person']
=> num_images: 118287
=> load 149813 samples
=> classes: ['__background__', 'person']
=> num_images: 5000
=> load 6352 samples
=> creating output/wholebody/pose_transformer/res50_384x288_adamw_lr1e-4
=> creating log/wholebody/pose_transformer/res50_384x288_adamw_lr1e-4
loading annotations into memory...
Done (t=44.14s)
creating index...
index created!
loading annotations into memory...
Done (t=3.88s)
creating index...
index created!
Epoch: [0][0/2341]	Time 1016.536s (1016.536s)	Speed 0.1 samples/s	Data 18.091s (18.091s)	Metrics: loss_ce_unscaled: 4.99560 (4.99560), loss_ce: 4.99560 (4.99560), class_error_unscaled: 99.21288 (99.21288), loss_kpts_unscaled: 6.63077 (6.63077), loss_kpts: 33.15385 (33.15385), cardinality_error_unscaled: 167.00000 (167.00000), loss_ce_0_unscaled: 5.05129 (5.05129), loss_ce_0: 5.05129 (5.05129), loss_kpts_0_unscaled: 6.60141 (6.60141), loss_kpts_0: 33.00706 (33.00706), cardinality_error_0_unscaled: 167.00000 (167.00000), loss_ce_1_unscaled: 5.01065 (5.01065), loss_ce_1: 5.01065 (5.01065), loss_kpts_1_unscaled: 6.71234 (6.71234), loss_kpts_1: 33.56172 (33.56172), cardinality_error_1_unscaled: 167.00000 (167.00000), loss_ce_2_unscaled: 5.07898 (5.07898), loss_ce_2: 5.07898 (5.07898), loss_kpts_2_unscaled: 6.71598 (6.71598), loss_kpts_2: 33.57990 (33.57990), cardinality_error_2_unscaled: 167.00000 (167.00000), loss_ce_3_unscaled: 5.07401 (5.07401), loss_ce_3: 5.07401 (5.07401), loss_kpts_3_unscaled: 6.73570 (6.73570), loss_kpts_3: 33.67848 (33.67848), cardinality_error_3_unscaled: 167.00000 (167.00000), loss_ce_4_unscaled: 5.01656 (5.01656), loss_ce_4: 5.01656 (5.01656), loss_kpts_4_unscaled: 6.75469 (6.75469), loss_kpts_4: 33.77347 (33.77347), cardinality_error_4_unscaled: 167.00000 (167.00000)
Epoch: [0][50/2341]	Time 1.542s (24.629s)	Speed 41.5 samples/s	Data 0.000s (0.404s)	Metrics: loss_ce_unscaled: 4.72080 (4.78753), loss_ce: 4.72080 (4.78753), class_error_unscaled: 100.00000 (99.90855), loss_kpts_unscaled: 5.22624 (6.79712), loss_kpts: 26.13118 (33.98559), cardinality_error_unscaled: 133.00000 (137.00245), loss_ce_0_unscaled: 4.72967 (4.79970), loss_ce_0: 4.72967 (4.79970), loss_kpts_0_unscaled: 5.23539 (6.79052), loss_kpts_0: 26.17695 (33.95262), cardinality_error_0_unscaled: 133.00000 (137.71722), loss_ce_1_unscaled: 4.72264 (4.77976), loss_ce_1: 4.72264 (4.77976), loss_kpts_1_unscaled: 5.23152 (6.79717), loss_kpts_1: 26.15761 (33.98584), cardinality_error_1_unscaled: 133.00000 (135.86275), loss_ce_2_unscaled: 4.72283 (4.79668), loss_ce_2: 4.72283 (4.79668), loss_kpts_2_unscaled: 5.24395 (6.79976), loss_kpts_2: 26.21977 (33.99878), cardinality_error_2_unscaled: 133.00000 (138.33333), loss_ce_3_unscaled: 4.72915 (4.79760), loss_ce_3: 4.72915 (4.79760), loss_kpts_3_unscaled: 5.25235 (6.80125), loss_kpts_3: 26.26175 (34.00624), cardinality_error_3_unscaled: 133.00000 (138.33333), loss_ce_4_unscaled: 4.72310 (4.79165), loss_ce_4: 4.72310 (4.79165), loss_kpts_4_unscaled: 5.25969 (6.80346), loss_kpts_4: 26.29845 (34.01730), cardinality_error_4_unscaled: 133.00000 (137.66667)
Epoch: [0][100/2341]	Time 1.550s (13.190s)	Speed 41.3 samples/s	Data 0.000s (0.206s)	Metrics: loss_ce_unscaled: 4.44867 (4.72452), loss_ce: 4.44867 (4.72452), class_error_unscaled: 99.95301 (99.95231), loss_kpts_unscaled: 3.00912 (6.42709), loss_kpts: 15.04560 (32.13547), cardinality_error_unscaled: 130.15625 (134.97030), loss_ce_0_unscaled: 4.52635 (4.73434), loss_ce_0: 4.52635 (4.73434), loss_kpts_0_unscaled: 3.21690 (6.39529), loss_kpts_0: 16.08451 (31.97647), cardinality_error_0_unscaled: 128.84375 (135.31405), loss_ce_1_unscaled: 4.50062 (4.72452), loss_ce_1: 4.50062 (4.72452), loss_kpts_1_unscaled: 3.17117 (6.41485), loss_kpts_1: 15.85585 (32.07423), cardinality_error_1_unscaled: 115.53125 (134.16337), loss_ce_2_unscaled: 4.47340 (4.73326), loss_ce_2: 4.47340 (4.73326), loss_kpts_2_unscaled: 3.25765 (6.42652), loss_kpts_2: 16.28824 (32.13259), cardinality_error_2_unscaled: 132.95312 (135.69075), loss_ce_3_unscaled: 4.42185 (4.73223), loss_ce_3: 4.42185 (4.73223), loss_kpts_3_unscaled: 3.05220 (6.41588), loss_kpts_3: 15.26097 (32.07942), cardinality_error_3_unscaled: 133.00000 (135.69168), loss_ce_4_unscaled: 4.41625 (4.72641), loss_ce_4: 4.41625 (4.72641), loss_kpts_4_unscaled: 3.01942 (6.42833), loss_kpts_4: 15.09712 (32.14163), cardinality_error_4_unscaled: 132.53125 (135.35179)
Epoch: [0][150/2341]	Time 1.364s (9.307s)	Speed 46.9 samples/s	Data 0.000s (0.138s)	Metrics: loss_ce_unscaled: 4.41780 (4.63099), loss_ce: 4.41780 (4.63099), class_error_unscaled: 100.00000 (99.52914), loss_kpts_unscaled: 3.33899 (5.20189), loss_kpts: 16.69494 (26.00946), cardinality_error_unscaled: 133.00000 (126.22858), loss_ce_0_unscaled: 4.38357 (4.63768), loss_ce_0: 4.38357 (4.63768), loss_kpts_0_unscaled: 3.31470 (5.23911), loss_kpts_0: 16.57348 (26.19553), cardinality_error_0_unscaled: 132.23438 (119.88307), loss_ce_1_unscaled: 4.38506 (4.63270), loss_ce_1: 4.38506 (4.63270), loss_kpts_1_unscaled: 3.22952 (5.22947), loss_kpts_1: 16.14762 (26.14736), cardinality_error_1_unscaled: 129.98438 (115.79108), loss_ce_2_unscaled: 4.35221 (4.63914), loss_ce_2: 4.35221 (4.63914), loss_kpts_2_unscaled: 3.33064 (5.24417), loss_kpts_2: 16.65319 (26.22083), cardinality_error_2_unscaled: 132.89062 (122.02525), loss_ce_3_unscaled: 4.38558 (4.62724), loss_ce_3: 4.38558 (4.62724), loss_kpts_3_unscaled: 3.49156 (5.20808), loss_kpts_3: 17.45781 (26.04040), cardinality_error_3_unscaled: 133.00000 (127.70799), loss_ce_4_unscaled: 4.40983 (4.63169), loss_ce_4: 4.40983 (4.63169), loss_kpts_4_unscaled: 3.40276 (5.21945), loss_kpts_4: 17.01381 (26.09726), cardinality_error_4_unscaled: 133.00000 (127.39952)
Epoch: [0][200/2341]	Time 1.461s (7.350s)	Speed 43.8 samples/s	Data 0.000s (0.103s)	Metrics: loss_ce_unscaled: 4.20978 (4.54245), loss_ce: 4.20978 (4.54245), class_error_unscaled: 98.07331 (99.44673), loss_kpts_unscaled: 2.52959 (4.52994), loss_kpts: 12.64793 (22.64972), cardinality_error_unscaled: 122.59375 (126.48826), loss_ce_0_unscaled: 4.21230 (4.54864), loss_ce_0: 4.21230 (4.54864), loss_kpts_0_unscaled: 2.59348 (4.54625), loss_kpts_0: 12.96739 (22.73126), cardinality_error_0_unscaled: 109.95312 (119.99005), loss_ce_1_unscaled: 4.17087 (4.54046), loss_ce_1: 4.17087 (4.54046), loss_kpts_1_unscaled: 2.56733 (4.53767), loss_kpts_1: 12.83667 (22.68836), cardinality_error_1_unscaled: 115.60938 (116.92421), loss_ce_2_unscaled: 4.16575 (4.54577), loss_ce_2: 4.16575 (4.54577), loss_kpts_2_unscaled: 2.56767 (4.54902), loss_kpts_2: 12.83833 (22.74509), cardinality_error_2_unscaled: 116.06250 (121.87422), loss_ce_3_unscaled: 4.16944 (4.53672), loss_ce_3: 4.16944 (4.53672), loss_kpts_3_unscaled: 2.56930 (4.52202), loss_kpts_3: 12.84651 (22.61008), cardinality_error_3_unscaled: 119.79688 (127.34989), loss_ce_4_unscaled: 4.17903 (4.54418), loss_ce_4: 4.17903 (4.54418), loss_kpts_4_unscaled: 2.62783 (4.52634), loss_kpts_4: 13.13913 (22.63171), cardinality_error_4_unscaled: 116.32812 (126.02519)
Epoch: [0][250/2341]	Time 1.455s (6.170s)	Speed 44.0 samples/s	Data 0.000s (0.083s)	Metrics: loss_ce_unscaled: 4.03221 (4.46037), loss_ce: 4.03221 (4.46037), class_error_unscaled: 92.07002 (98.68224), loss_kpts_unscaled: 1.93867 (4.08686), loss_kpts: 9.69337 (20.43428), cardinality_error_unscaled: 81.95312 (122.06835), loss_ce_0_unscaled: 4.06543 (4.46797), loss_ce_0: 4.06543 (4.46797), loss_kpts_0_unscaled: 1.98890 (4.10352), loss_kpts_0: 9.94452 (20.51760), cardinality_error_0_unscaled: 46.76562 (112.69796), loss_ce_1_unscaled: 4.02245 (4.45404), loss_ce_1: 4.02245 (4.45404), loss_kpts_1_unscaled: 2.03576 (4.09162), loss_kpts_1: 10.17881 (20.45809), cardinality_error_1_unscaled: 59.95312 (112.27583), loss_ce_2_unscaled: 4.00643 (4.46059), loss_ce_2: 4.00643 (4.46059), loss_kpts_2_unscaled: 2.07190 (4.10138), loss_kpts_2: 10.35949 (20.50692), cardinality_error_2_unscaled: 68.93750 (115.43962), loss_ce_3_unscaled: 4.01091 (4.45270), loss_ce_3: 4.01091 (4.45270), loss_kpts_3_unscaled: 2.00522 (4.08106), loss_kpts_3: 10.02608 (20.40532), cardinality_error_3_unscaled: 83.50000 (121.70169), loss_ce_4_unscaled: 4.02575 (4.46128), loss_ce_4: 4.02575 (4.46128), loss_kpts_4_unscaled: 1.95302 (4.08230), loss_kpts_4: 9.76510 (20.41148), cardinality_error_4_unscaled: 74.89062 (119.66658)
Epoch: [0][300/2341]	Time 1.423s (5.380s)	Speed 45.0 samples/s	Data 0.000s (0.069s)	Metrics: loss_ce_unscaled: 3.84850 (4.37799), loss_ce: 3.84850 (4.37799), class_error_unscaled: 83.01222 (97.23045), loss_kpts_unscaled: 2.53561 (3.76721), loss_kpts: 12.67805 (18.83607), cardinality_error_unscaled: 38.51562 (114.80695), loss_ce_0_unscaled: 3.87313 (4.38699), loss_ce_0: 3.87313 (4.38699), loss_kpts_0_unscaled: 2.48800 (3.77991), loss_kpts_0: 12.44002 (18.89956), cardinality_error_0_unscaled: 18.48438 (103.80155), loss_ce_1_unscaled: 3.88004 (4.36803), loss_ce_1: 3.88004 (4.36803), loss_kpts_1_unscaled: 2.50731 (3.76633), loss_kpts_1: 12.53654 (18.83167), cardinality_error_1_unscaled: 23.35938 (105.47545), loss_ce_2_unscaled: 3.89596 (4.37521), loss_ce_2: 3.89596 (4.37521), loss_kpts_2_unscaled: 2.56100 (3.77426), loss_kpts_2: 12.80499 (18.87128), cardinality_error_2_unscaled: 21.56250 (108.05181), loss_ce_3_unscaled: 3.85912 (4.36891), loss_ce_3: 3.85912 (4.36891), loss_kpts_3_unscaled: 2.45213 (3.75591), loss_kpts_3: 12.26064 (18.77956), cardinality_error_3_unscaled: 29.82812 (114.98266), loss_ce_4_unscaled: 3.87153 (4.38062), loss_ce_4: 3.87153 (4.38062), loss_kpts_4_unscaled: 2.51325 (3.75794), loss_kpts_4: 12.56627 (18.78972), cardinality_error_4_unscaled: 34.75000 (111.98619)
Epoch: [0][350/2341]	Time 1.326s (4.811s)	Speed 48.3 samples/s	Data 0.000s (0.059s)	Metrics: loss_ce_unscaled: 3.71275 (4.29953), loss_ce: 3.71275 (4.29953), class_error_unscaled: 85.13863 (95.60322), loss_kpts_unscaled: 1.99446 (3.54366), loss_kpts: 9.97230 (17.71832), cardinality_error_unscaled: 67.46875 (107.40371), loss_ce_0_unscaled: 3.79082 (4.30947), loss_ce_0: 3.79082 (4.30947), loss_kpts_0_unscaled: 1.93952 (3.55203), loss_kpts_0: 9.69759 (17.76014), cardinality_error_0_unscaled: 38.25000 (95.11169), loss_ce_1_unscaled: 3.70926 (4.28485), loss_ce_1: 3.70926 (4.28485), loss_kpts_1_unscaled: 1.95042 (3.53443), loss_kpts_1: 9.75208 (17.67216), cardinality_error_1_unscaled: 39.65625 (97.16471), loss_ce_2_unscaled: 3.69880 (4.29410), loss_ce_2: 3.69880 (4.29410), loss_kpts_2_unscaled: 1.90244 (3.54444), loss_kpts_2: 9.51220 (17.72218), cardinality_error_2_unscaled: 49.79688 (99.27008), loss_ce_3_unscaled: 3.72776 (4.29247), loss_ce_3: 3.72776 (4.29247), loss_kpts_3_unscaled: 1.97785 (3.53256), loss_kpts_3: 9.88924 (17.66278), cardinality_error_3_unscaled: 65.20312 (107.30199), loss_ce_4_unscaled: 3.73854 (4.30357), loss_ce_4: 3.73854 (4.30357), loss_kpts_4_unscaled: 1.99436 (3.53485), loss_kpts_4: 9.97180 (17.67423), cardinality_error_4_unscaled: 59.10938 (104.71323)
Epoch: [0][400/2341]	Time 1.380s (4.382s)	Speed 46.4 samples/s	Data 0.000s (0.052s)	Metrics: loss_ce_unscaled: 3.75308 (4.22759), loss_ce: 3.75308 (4.22759), class_error_unscaled: 86.25470 (94.05856), loss_kpts_unscaled: 1.44968 (3.36225), loss_kpts: 7.24838 (16.81125), cardinality_error_unscaled: 58.57812 (100.08194), loss_ce_0_unscaled: 3.60434 (4.23511), loss_ce_0: 3.60434 (4.23511), loss_kpts_0_unscaled: 1.49119 (3.36775), loss_kpts_0: 7.45596 (16.83874), cardinality_error_0_unscaled: 37.46875 (87.29613), loss_ce_1_unscaled: 3.50242 (4.20181), loss_ce_1: 3.50242 (4.20181), loss_kpts_1_unscaled: 1.44572 (3.34825), loss_kpts_1: 7.22862 (16.74127), cardinality_error_1_unscaled: 39.57812 (89.26761), loss_ce_2_unscaled: 3.52097 (4.21208), loss_ce_2: 3.52097 (4.21208), loss_kpts_2_unscaled: 1.47085 (3.35679), loss_kpts_2: 7.35426 (16.78397), cardinality_error_2_unscaled: 33.70312 (90.65948), loss_ce_3_unscaled: 3.66486 (4.21923), loss_ce_3: 3.66486 (4.21923), loss_kpts_3_unscaled: 1.49910 (3.35123), loss_kpts_3: 7.49550 (16.75614), cardinality_error_3_unscaled: 54.17188 (98.94942), loss_ce_4_unscaled: 3.68555 (4.23140), loss_ce_4: 3.68555 (4.23140), loss_kpts_4_unscaled: 1.48175 (3.35393), loss_kpts_4: 7.40876 (16.76967), cardinality_error_4_unscaled: 50.03125 (96.50433)
Epoch: [0][450/2341]	Time 1.278s (4.046s)	Speed 50.1 samples/s	Data 0.000s (0.046s)	Metrics: loss_ce_unscaled: 3.73066 (4.17094), loss_ce: 3.73066 (4.17094), class_error_unscaled: 83.07096 (92.83709), loss_kpts_unscaled: 2.66291 (3.22436), loss_kpts: 13.31457 (16.12179), cardinality_error_unscaled: 37.29688 (93.09489), loss_ce_0_unscaled: 3.59866 (4.16358), loss_ce_0: 3.59866 (4.16358), loss_kpts_0_unscaled: 2.62378 (3.22394), loss_kpts_0: 13.11891 (16.11972), cardinality_error_0_unscaled: 11.03125 (80.17066), loss_ce_1_unscaled: 3.50952 (4.12138), loss_ce_1: 3.50952 (4.12138), loss_kpts_1_unscaled: 2.69160 (3.20516), loss_kpts_1: 13.45799 (16.02578), cardinality_error_1_unscaled: 18.76562 (82.07310), loss_ce_2_unscaled: 3.49995 (4.13449), loss_ce_2: 3.49995 (4.13449), loss_kpts_2_unscaled: 2.67953 (3.21510), loss_kpts_2: 13.39763 (16.07551), cardinality_error_2_unscaled: 13.68750 (82.96040), loss_ce_3_unscaled: 3.58230 (4.15079), loss_ce_3: 3.58230 (4.15079), loss_kpts_3_unscaled: 2.59467 (3.21374), loss_kpts_3: 12.97334 (16.06871), cardinality_error_3_unscaled: 12.89062 (91.04649), loss_ce_4_unscaled: 3.68175 (4.16418), loss_ce_4: 3.68175 (4.16418), loss_kpts_4_unscaled: 2.69639 (3.21478), loss_kpts_4: 13.48195 (16.07390), cardinality_error_4_unscaled: 14.56250 (88.56004)
Epoch: [0][500/2341]	Time 1.400s (3.775s)	Speed 45.7 samples/s	Data 0.000s (0.042s)	Metrics: loss_ce_unscaled: 3.35835 (4.10642), loss_ce: 3.35835 (4.10642), class_error_unscaled: 73.75470 (91.41044), loss_kpts_unscaled: 1.93175 (3.09491), loss_kpts: 9.65875 (15.47457), cardinality_error_unscaled: 25.48438 (86.94502), loss_ce_0_unscaled: 3.29491 (4.09614), loss_ce_0: 3.29491 (4.09614), loss_kpts_0_unscaled: 1.84322 (3.09351), loss_kpts_0: 9.21609 (15.46755), cardinality_error_0_unscaled: 22.29688 (74.40444), loss_ce_1_unscaled: 3.17743 (4.04556), loss_ce_1: 3.17743 (4.04556), loss_kpts_1_unscaled: 1.84937 (3.07485), loss_kpts_1: 9.24683 (15.37425), cardinality_error_1_unscaled: 17.67188 (76.35934), loss_ce_2_unscaled: 3.18718 (4.05804), loss_ce_2: 3.18718 (4.05804), loss_kpts_2_unscaled: 1.84046 (3.08398), loss_kpts_2: 9.20228 (15.41991), cardinality_error_2_unscaled: 17.39062 (76.83021), loss_ce_3_unscaled: 3.32495 (4.08168), loss_ce_3: 3.32495 (4.08168), loss_kpts_3_unscaled: 1.88549 (3.08363), loss_kpts_3: 9.42743 (15.41816), cardinality_error_3_unscaled: 19.53125 (84.27632), loss_ce_4_unscaled: 3.38149 (4.09939), loss_ce_4: 3.38149 (4.09939), loss_kpts_4_unscaled: 1.90871 (3.08645), loss_kpts_4: 9.54355 (15.43224), cardinality_error_4_unscaled: 21.92188 (82.02688)
Epoch: [0][550/2341]	Time 1.381s (3.558s)	Speed 46.3 samples/s	Data 0.000s (0.038s)	Metrics: loss_ce_unscaled: 3.37708 (4.04472), loss_ce: 3.37708 (4.04472), class_error_unscaled: 71.83975 (89.78818), loss_kpts_unscaled: 2.31664 (3.00026), loss_kpts: 11.58322 (15.00132), cardinality_error_unscaled: 16.82812 (80.75689), loss_ce_0_unscaled: 3.30719 (4.03264), loss_ce_0: 3.30719 (4.03264), loss_kpts_0_unscaled: 2.14518 (2.99389), loss_kpts_0: 10.72589 (14.96944), cardinality_error_0_unscaled: 12.00000 (69.44720), loss_ce_1_unscaled: 3.21745 (3.97546), loss_ce_1: 3.21745 (3.97546), loss_kpts_1_unscaled: 2.16487 (2.97783), loss_kpts_1: 10.82436 (14.88914), cardinality_error_1_unscaled: 15.07812 (71.69246), loss_ce_2_unscaled: 3.24632 (3.98798), loss_ce_2: 3.24632 (3.98798), loss_kpts_2_unscaled: 2.08643 (2.98663), loss_kpts_2: 10.43214 (14.93314), cardinality_error_2_unscaled: 21.73438 (71.95704), loss_ce_3_unscaled: 3.36879 (4.01795), loss_ce_3: 3.36879 (4.01795), loss_kpts_3_unscaled: 2.25274 (2.98778), loss_kpts_3: 11.26369 (14.93891), cardinality_error_3_unscaled: 18.01562 (78.53457), loss_ce_4_unscaled: 3.35757 (4.03752), loss_ce_4: 3.35757 (4.03752), loss_kpts_4_unscaled: 2.27633 (2.99187), loss_kpts_4: 11.38165 (14.95937), cardinality_error_4_unscaled: 16.50000 (76.34134)
Epoch: [0][600/2341]	Time 1.303s (3.368s)	Speed 49.1 samples/s	Data 0.000s (0.035s)	Metrics: loss_ce_unscaled: 3.07931 (3.98018), loss_ce: 3.07931 (3.98018), class_error_unscaled: 65.16682 (88.08011), loss_kpts_unscaled: 1.90852 (2.91581), loss_kpts: 9.54259 (14.57904), cardinality_error_unscaled: 11.43750 (75.49698), loss_ce_0_unscaled: 3.19608 (3.97071), loss_ce_0: 3.19608 (3.97071), loss_kpts_0_unscaled: 1.76633 (2.90663), loss_kpts_0: 8.83167 (14.53316), cardinality_error_0_unscaled: 15.09375 (65.32683), loss_ce_1_unscaled: 3.06808 (3.90800), loss_ce_1: 3.06808 (3.90800), loss_kpts_1_unscaled: 1.81655 (2.89247), loss_kpts_1: 9.08274 (14.46236), cardinality_error_1_unscaled: 16.64062 (67.66704), loss_ce_2_unscaled: 3.00817 (3.91723), loss_ce_2: 3.00817 (3.91723), loss_kpts_2_unscaled: 1.85488 (2.90066), loss_kpts_2: 9.27440 (14.50329), cardinality_error_2_unscaled: 19.35938 (68.07797), loss_ce_3_unscaled: 3.15170 (3.95793), loss_ce_3: 3.15170 (3.95793), loss_kpts_3_unscaled: 1.80331 (2.90323), loss_kpts_3: 9.01656 (14.51613), cardinality_error_3_unscaled: 29.20312 (73.88504), loss_ce_4_unscaled: 3.08565 (3.97280), loss_ce_4: 3.08565 (3.97280), loss_kpts_4_unscaled: 1.84803 (2.91025), loss_kpts_4: 9.24016 (14.55123), cardinality_error_4_unscaled: 12.25000 (71.74675)
Epoch: [0][650/2341]	Time 1.203s (3.206s)	Speed 53.2 samples/s	Data 0.000s (0.032s)	Metrics: loss_ce_unscaled: 3.13269 (3.91523), loss_ce: 3.13269 (3.91523), class_error_unscaled: 64.35620 (86.28686), loss_kpts_unscaled: 2.05434 (2.83921), loss_kpts: 10.27168 (14.19606), cardinality_error_unscaled: 25.82812 (71.11958), loss_ce_0_unscaled: 3.36324 (3.91708), loss_ce_0: 3.36324 (3.91708), loss_kpts_0_unscaled: 2.27028 (2.82634), loss_kpts_0: 11.35139 (14.13170), cardinality_error_0_unscaled: 38.73438 (62.62946), loss_ce_1_unscaled: 3.14182 (3.84759), loss_ce_1: 3.14182 (3.84759), loss_kpts_1_unscaled: 2.23500 (2.81459), loss_kpts_1: 11.17498 (14.07293), cardinality_error_1_unscaled: 44.31250 (64.83353), loss_ce_2_unscaled: 3.04094 (3.85115), loss_ce_2: 3.04094 (3.85115), loss_kpts_2_unscaled: 2.16933 (2.82281), loss_kpts_2: 10.84663 (14.11407), cardinality_error_2_unscaled: 51.56250 (65.37510), loss_ce_3_unscaled: 3.11603 (3.89618), loss_ce_3: 3.11603 (3.89618), loss_kpts_3_unscaled: 2.12103 (2.82611), loss_kpts_3: 10.60516 (14.13057), cardinality_error_3_unscaled: 21.26562 (70.24470), loss_ce_4_unscaled: 3.20658 (3.90983), loss_ce_4: 3.20658 (3.90983), loss_kpts_4_unscaled: 2.00246 (2.83382), loss_kpts_4: 10.01230 (14.16909), cardinality_error_4_unscaled: 33.15625 (67.91909)
Epoch: [0][700/2341]	Time 1.307s (3.066s)	Speed 49.0 samples/s	Data 0.000s (0.030s)	Metrics: loss_ce_unscaled: 2.86499 (3.85098), loss_ce: 2.86499 (3.85098), class_error_unscaled: 59.04605 (84.54693), loss_kpts_unscaled: 1.29172 (2.77585), loss_kpts: 6.45861 (13.87927), cardinality_error_unscaled: 30.87500 (67.54572), loss_ce_0_unscaled: 3.10052 (3.86970), loss_ce_0: 3.10052 (3.86970), loss_kpts_0_unscaled: 1.32873 (2.76397), loss_kpts_0: 6.64363 (13.81984), cardinality_error_0_unscaled: 27.14062 (60.25789), loss_ce_1_unscaled: 2.97601 (3.79300), loss_ce_1: 2.97601 (3.79300), loss_kpts_1_unscaled: 1.29267 (2.75281), loss_kpts_1: 6.46335 (13.76405), cardinality_error_1_unscaled: 21.59375 (62.49728), loss_ce_2_unscaled: 2.89914 (3.78985), loss_ce_2: 2.89914 (3.78985), loss_kpts_2_unscaled: 1.32785 (2.76039), loss_kpts_2: 6.63924 (13.80193), cardinality_error_2_unscaled: 23.62500 (63.14397), loss_ce_3_unscaled: 2.91689 (3.83497), loss_ce_3: 2.91689 (3.83497), loss_kpts_3_unscaled: 1.25896 (2.76321), loss_kpts_3: 6.29478 (13.81603), cardinality_error_3_unscaled: 30.50000 (66.93859), loss_ce_4_unscaled: 2.92827 (3.85056), loss_ce_4: 2.92827 (3.85056), loss_kpts_4_unscaled: 1.29556 (2.77115), loss_kpts_4: 6.47782 (13.85573), cardinality_error_4_unscaled: 29.10938 (64.87687)
Epoch: [0][750/2341]	Time 1.246s (2.942s)	Speed 51.4 samples/s	Data 0.000s (0.028s)	Metrics: loss_ce_unscaled: 2.91502 (3.79002), loss_ce: 2.91502 (3.79002), class_error_unscaled: 60.20912 (82.85496), loss_kpts_unscaled: 1.26177 (2.71340), loss_kpts: 6.30883 (13.56702), cardinality_error_unscaled: 20.06250 (64.68407), loss_ce_0_unscaled: 3.18940 (3.82814), loss_ce_0: 3.18940 (3.82814), loss_kpts_0_unscaled: 1.25319 (2.70180), loss_kpts_0: 6.26595 (13.50902), cardinality_error_0_unscaled: 24.90625 (58.54259), loss_ce_1_unscaled: 3.01445 (3.74403), loss_ce_1: 3.01445 (3.74403), loss_kpts_1_unscaled: 1.28645 (2.69202), loss_kpts_1: 6.43223 (13.46012), cardinality_error_1_unscaled: 23.59375 (61.01365), loss_ce_2_unscaled: 2.92978 (3.73447), loss_ce_2: 2.92978 (3.73447), loss_kpts_2_unscaled: 1.28157 (2.69951), loss_kpts_2: 6.40783 (13.49754), cardinality_error_2_unscaled: 25.89062 (61.60022), loss_ce_3_unscaled: 2.94683 (3.77651), loss_ce_3: 2.94683 (3.77651), loss_kpts_3_unscaled: 1.31280 (2.70150), loss_kpts_3: 6.56399 (13.50748), cardinality_error_3_unscaled: 23.90625 (64.55081), loss_ce_4_unscaled: 2.93504 (3.79143), loss_ce_4: 2.93504 (3.79143), loss_kpts_4_unscaled: 1.30320 (2.70913), loss_kpts_4: 6.51600 (13.54566), cardinality_error_4_unscaled: 21.34375 (62.40966)
Epoch: [0][800/2341]	Time 1.130s (2.833s)	Speed 56.6 samples/s	Data 0.000s (0.026s)	Metrics: loss_ce_unscaled: 2.81217 (3.73190), loss_ce: 2.81217 (3.73190), class_error_unscaled: 56.02679 (81.30546), loss_kpts_unscaled: 1.56469 (2.65697), loss_kpts: 7.82347 (13.28487), cardinality_error_unscaled: 22.31250 (62.24126), loss_ce_0_unscaled: 3.25992 (3.78928), loss_ce_0: 3.25992 (3.78928), loss_kpts_0_unscaled: 1.47781 (2.64155), loss_kpts_0: 7.38903 (13.20776), cardinality_error_0_unscaled: 33.67188 (57.04924), loss_ce_1_unscaled: 3.04402 (3.69780), loss_ce_1: 3.04402 (3.69780), loss_kpts_1_unscaled: 1.54774 (2.63384), loss_kpts_1: 7.73868 (13.16921), cardinality_error_1_unscaled: 27.39062 (59.38840), loss_ce_2_unscaled: 2.88836 (3.68081), loss_ce_2: 2.88836 (3.68081), loss_kpts_2_unscaled: 1.56693 (2.64220), loss_kpts_2: 7.83464 (13.21098), cardinality_error_2_unscaled: 35.03125 (60.35731), loss_ce_3_unscaled: 2.90900 (3.72094), loss_ce_3: 2.90900 (3.72094), loss_kpts_3_unscaled: 1.56954 (2.64413), loss_kpts_3: 7.84772 (13.22064), cardinality_error_3_unscaled: 27.03125 (62.85467), loss_ce_4_unscaled: 2.86058 (3.73690), loss_ce_4: 2.86058 (3.73690), loss_kpts_4_unscaled: 1.63393 (2.65369), loss_kpts_4: 8.16965 (13.26843), cardinality_error_4_unscaled: 31.12500 (60.52659)
Epoch: [0][850/2341]	Time 1.127s (2.735s)	Speed 56.8 samples/s	Data 0.000s (0.025s)	Metrics: loss_ce_unscaled: 2.74674 (3.67239), loss_ce: 2.74674 (3.67239), class_error_unscaled: 55.68609 (79.65895), loss_kpts_unscaled: 1.64646 (2.60163), loss_kpts: 8.23228 (13.00816), cardinality_error_unscaled: 15.01562 (60.19095), loss_ce_0_unscaled: 3.21347 (3.75375), loss_ce_0: 3.21347 (3.75375), loss_kpts_0_unscaled: 1.54703 (2.58450), loss_kpts_0: 7.73514 (12.92251), cardinality_error_0_unscaled: 22.48438 (56.14927), loss_ce_1_unscaled: 3.03946 (3.65557), loss_ce_1: 3.03946 (3.65557), loss_kpts_1_unscaled: 1.66784 (2.57891), loss_kpts_1: 8.33922 (12.89453), cardinality_error_1_unscaled: 33.03125 (58.36281), loss_ce_2_unscaled: 2.90056 (3.63093), loss_ce_2: 2.90056 (3.63093), loss_kpts_2_unscaled: 1.67675 (2.58778), loss_kpts_2: 8.38375 (12.93889), cardinality_error_2_unscaled: 29.73438 (59.28125), loss_ce_3_unscaled: 2.81267 (3.66730), loss_ce_3: 2.81267 (3.66730), loss_kpts_3_unscaled: 1.63759 (2.58907), loss_kpts_3: 8.18793 (12.94535), cardinality_error_3_unscaled: 25.57812 (61.29083), loss_ce_4_unscaled: 2.81764 (3.68083), loss_ce_4: 2.81764 (3.68083), loss_kpts_4_unscaled: 1.64585 (2.59824), loss_kpts_4: 8.22925 (12.99120), cardinality_error_4_unscaled: 17.51562 (58.93350)
Epoch: [0][900/2341]	Time 1.169s (2.647s)	Speed 54.7 samples/s	Data 0.000s (0.023s)	Metrics: loss_ce_unscaled: 2.61959 (3.61267), loss_ce: 2.61959 (3.61267), class_error_unscaled: 49.90602 (78.00123), loss_kpts_unscaled: 1.79587 (2.55134), loss_kpts: 8.97935 (12.75668), cardinality_error_unscaled: 26.75000 (58.43882), loss_ce_0_unscaled: 3.12629 (3.71873), loss_ce_0: 3.12629 (3.71873), loss_kpts_0_unscaled: 1.69360 (2.53061), loss_kpts_0: 8.46802 (12.65307), cardinality_error_0_unscaled: 31.39062 (55.29223), loss_ce_1_unscaled: 2.84095 (3.61329), loss_ce_1: 2.84095 (3.61329), loss_kpts_1_unscaled: 1.71487 (2.52708), loss_kpts_1: 8.57437 (12.63540), cardinality_error_1_unscaled: 28.14062 (57.40341), loss_ce_2_unscaled: 2.71571 (3.58298), loss_ce_2: 2.71571 (3.58298), loss_kpts_2_unscaled: 1.77502 (2.53660), loss_kpts_2: 8.87508 (12.68299), cardinality_error_2_unscaled: 34.18750 (58.47430), loss_ce_3_unscaled: 2.68804 (3.61523), loss_ce_3: 2.68804 (3.61523), loss_kpts_3_unscaled: 1.72749 (2.53780), loss_kpts_3: 8.63743 (12.68899), cardinality_error_3_unscaled: 33.43750 (60.24905), loss_ce_4_unscaled: 2.68254 (3.62481), loss_ce_4: 2.68254 (3.62481), loss_kpts_4_unscaled: 1.79969 (2.54732), loss_kpts_4: 8.99844 (12.73660), cardinality_error_4_unscaled: 34.59375 (57.74362)
Epoch: [0][950/2341]	Time 1.210s (2.567s)	Speed 52.9 samples/s	Data 0.000s (0.022s)	Metrics: loss_ce_unscaled: 2.41601 (3.55188), loss_ce: 2.41601 (3.55188), class_error_unscaled: 47.34492 (76.40341), loss_kpts_unscaled: 1.72897 (2.50554), loss_kpts: 8.64483 (12.52770), cardinality_error_unscaled: 31.53125 (56.76352), loss_ce_0_unscaled: 2.92441 (3.68280), loss_ce_0: 2.92441 (3.68280), loss_kpts_0_unscaled: 1.81417 (2.48140), loss_kpts_0: 9.07085 (12.40700), cardinality_error_0_unscaled: 42.51562 (54.47606), loss_ce_1_unscaled: 2.62134 (3.56805), loss_ce_1: 2.62134 (3.56805), loss_kpts_1_unscaled: 1.74135 (2.48048), loss_kpts_1: 8.70673 (12.40242), cardinality_error_1_unscaled: 49.21875 (56.43476), loss_ce_2_unscaled: 2.50161 (3.53207), loss_ce_2: 2.50161 (3.53207), loss_kpts_2_unscaled: 1.77906 (2.49091), loss_kpts_2: 8.89529 (12.45455), cardinality_error_2_unscaled: 53.23438 (57.74300), loss_ce_3_unscaled: 2.49159 (3.56022), loss_ce_3: 2.49159 (3.56022), loss_kpts_3_unscaled: 1.78090 (2.49298), loss_kpts_3: 8.90448 (12.46491), cardinality_error_3_unscaled: 51.48438 (59.30343), loss_ce_4_unscaled: 2.45467 (3.56689), loss_ce_4: 2.45467 (3.56689), loss_kpts_4_unscaled: 1.69334 (2.50123), loss_kpts_4: 8.46672 (12.50613), cardinality_error_4_unscaled: 27.73438 (56.34538)
Epoch: [0][1000/2341]	Time 1.081s (2.494s)	Speed 59.2 samples/s	Data 0.000s (0.021s)	Metrics: loss_ce_unscaled: 2.52870 (3.49920), loss_ce: 2.52870 (3.49920), class_error_unscaled: 50.09399 (75.06648), loss_kpts_unscaled: 2.15290 (2.47124), loss_kpts: 10.76452 (12.35619), cardinality_error_unscaled: 23.29688 (55.18416), loss_ce_0_unscaled: 3.04551 (3.65074), loss_ce_0: 3.04551 (3.65074), loss_kpts_0_unscaled: 1.92896 (2.44189), loss_kpts_0: 9.64481 (12.20946), cardinality_error_0_unscaled: 26.18750 (53.65923), loss_ce_1_unscaled: 2.78467 (3.52710), loss_ce_1: 2.78467 (3.52710), loss_kpts_1_unscaled: 1.98461 (2.44388), loss_kpts_1: 9.92307 (12.21940), cardinality_error_1_unscaled: 41.15625 (55.87748), loss_ce_2_unscaled: 2.59484 (3.48453), loss_ce_2: 2.59484 (3.48453), loss_kpts_2_unscaled: 2.01007 (2.45597), loss_kpts_2: 10.05035 (12.27983), cardinality_error_2_unscaled: 48.35938 (57.40911), loss_ce_3_unscaled: 2.53524 (3.50992), loss_ce_3: 2.53524 (3.50992), loss_kpts_3_unscaled: 2.08076 (2.45761), loss_kpts_3: 10.40378 (12.28807), cardinality_error_3_unscaled: 41.56250 (58.48595), loss_ce_4_unscaled: 2.57430 (3.51494), loss_ce_4: 2.57430 (3.51494), loss_kpts_4_unscaled: 2.11661 (2.46623), loss_kpts_4: 10.58303 (12.33115), cardinality_error_4_unscaled: 22.70312 (54.71767)
Epoch: [0][1050/2341]	Time 1.156s (2.427s)	Speed 55.3 samples/s	Data 0.000s (0.020s)	Metrics: loss_ce_unscaled: 2.63572 (3.45004), loss_ce: 2.63572 (3.45004), class_error_unscaled: 54.31156 (73.83601), loss_kpts_unscaled: 2.28831 (2.43683), loss_kpts: 11.44156 (12.18417), cardinality_error_unscaled: 23.20312 (53.82163), loss_ce_0_unscaled: 3.01985 (3.61891), loss_ce_0: 3.01985 (3.61891), loss_kpts_0_unscaled: 2.06731 (2.40166), loss_kpts_0: 10.33654 (12.00831), cardinality_error_0_unscaled: 31.20312 (52.71856), loss_ce_1_unscaled: 2.75438 (3.48522), loss_ce_1: 2.75438 (3.48522), loss_kpts_1_unscaled: 2.10643 (2.40713), loss_kpts_1: 10.53216 (12.03563), cardinality_error_1_unscaled: 42.42188 (55.28943), loss_ce_2_unscaled: 2.59962 (3.43562), loss_ce_2: 2.59962 (3.43562), loss_kpts_2_unscaled: 2.17453 (2.42071), loss_kpts_2: 10.87267 (12.10357), cardinality_error_2_unscaled: 38.59375 (56.95250), loss_ce_3_unscaled: 2.57980 (3.46007), loss_ce_3: 2.57980 (3.46007), loss_kpts_3_unscaled: 2.24268 (2.42309), loss_kpts_3: 11.21342 (12.11545), cardinality_error_3_unscaled: 42.35938 (57.96277), loss_ce_4_unscaled: 2.65477 (3.46629), loss_ce_4: 2.65477 (3.46629), loss_kpts_4_unscaled: 2.21720 (2.43146), loss_kpts_4: 11.08602 (12.15731), cardinality_error_4_unscaled: 32.40625 (53.46808)
Epoch: [0][1100/2341]	Time 1.072s (2.366s)	Speed 59.7 samples/s	Data 0.000s (0.019s)	Metrics: loss_ce_unscaled: 2.27133 (3.39911), loss_ce: 2.27133 (3.39911), class_error_unscaled: 43.42105 (72.57624), loss_kpts_unscaled: 1.72912 (2.40686), loss_kpts: 8.64562 (12.03430), cardinality_error_unscaled: 36.25000 (52.84582), loss_ce_0_unscaled: 2.95033 (3.58766), loss_ce_0: 2.95033 (3.58766), loss_kpts_0_unscaled: 1.41525 (2.36575), loss_kpts_0: 7.07623 (11.82877), cardinality_error_0_unscaled: 40.00000 (52.14053), loss_ce_1_unscaled: 2.55531 (3.44327), loss_ce_1: 2.55531 (3.44327), loss_kpts_1_unscaled: 1.53755 (2.37462), loss_kpts_1: 7.68776 (11.87308), cardinality_error_1_unscaled: 41.04688 (54.73152), loss_ce_2_unscaled: 2.36849 (3.38722), loss_ce_2: 2.36849 (3.38722), loss_kpts_2_unscaled: 1.61012 (2.38922), loss_kpts_2: 8.05059 (11.94610), cardinality_error_2_unscaled: 45.70312 (56.29118), loss_ce_3_unscaled: 2.33810 (3.41148), loss_ce_3: 2.33810 (3.41148), loss_kpts_3_unscaled: 1.60498 (2.39257), loss_kpts_3: 8.02491 (11.96283), cardinality_error_3_unscaled: 48.25000 (57.37734), loss_ce_4_unscaled: 2.34698 (3.41673), loss_ce_4: 2.34698 (3.41673), loss_kpts_4_unscaled: 1.66279 (2.40117), loss_kpts_4: 8.31397 (12.00584), cardinality_error_4_unscaled: 44.37500 (52.42960)
Epoch: [0][1150/2341]	Time 1.055s (2.309s)	Speed 60.7 samples/s	Data 0.000s (0.018s)	Metrics: loss_ce_unscaled: 2.24295 (3.34769), loss_ce: 2.24295 (3.34769), class_error_unscaled: 44.96006 (71.31120), loss_kpts_unscaled: 1.43703 (2.38127), loss_kpts: 7.18517 (11.90634), cardinality_error_unscaled: 39.79688 (52.04412), loss_ce_0_unscaled: 2.86214 (3.55641), loss_ce_0: 2.86214 (3.55641), loss_kpts_0_unscaled: 1.31611 (2.33290), loss_kpts_0: 6.58057 (11.66449), cardinality_error_0_unscaled: 45.09375 (51.55782), loss_ce_1_unscaled: 2.48448 (3.40035), loss_ce_1: 2.48448 (3.40035), loss_kpts_1_unscaled: 1.42026 (2.34645), loss_kpts_1: 7.10133 (11.73227), cardinality_error_1_unscaled: 47.76562 (54.01763), loss_ce_2_unscaled: 2.28735 (3.33819), loss_ce_2: 2.28735 (3.33819), loss_kpts_2_unscaled: 1.46289 (2.36288), loss_kpts_2: 7.31445 (11.81439), cardinality_error_2_unscaled: 51.75000 (55.66313), loss_ce_3_unscaled: 2.33287 (3.36212), loss_ce_3: 2.33287 (3.36212), loss_kpts_3_unscaled: 1.46557 (2.36644), loss_kpts_3: 7.32786 (11.83221), cardinality_error_3_unscaled: 59.48438 (56.91809), loss_ce_4_unscaled: 2.29983 (3.36599), loss_ce_4: 2.29983 (3.36599), loss_kpts_4_unscaled: 1.47940 (2.37580), loss_kpts_4: 7.39701 (11.87899), cardinality_error_4_unscaled: 49.70312 (51.77046)
Epoch: [0][1200/2341]	Time 0.994s (2.257s)	Speed 64.4 samples/s	Data 0.000s (0.017s)	Metrics: loss_ce_unscaled: 2.03034 (3.29724), loss_ce: 2.03034 (3.29724), class_error_unscaled: 40.14333 (70.08668), loss_kpts_unscaled: 1.58013 (2.35490), loss_kpts: 7.90064 (11.77449), cardinality_error_unscaled: 41.48438 (51.27469), loss_ce_0_unscaled: 2.66993 (3.52441), loss_ce_0: 2.66993 (3.52441), loss_kpts_0_unscaled: 1.38672 (2.29901), loss_kpts_0: 6.93359 (11.49506), cardinality_error_0_unscaled: 41.32812 (51.10451), loss_ce_1_unscaled: 2.22678 (3.35693), loss_ce_1: 2.22678 (3.35693), loss_kpts_1_unscaled: 1.44195 (2.31705), loss_kpts_1: 7.20975 (11.58525), cardinality_error_1_unscaled: 43.92188 (53.50938), loss_ce_2_unscaled: 2.03589 (3.28940), loss_ce_2: 2.03589 (3.28940), loss_kpts_2_unscaled: 1.50289 (2.33515), loss_kpts_2: 7.51446 (11.67577), cardinality_error_2_unscaled: 45.09375 (55.17139), loss_ce_3_unscaled: 2.03252 (3.31282), loss_ce_3: 2.03252 (3.31282), loss_kpts_3_unscaled: 1.54373 (2.33907), loss_kpts_3: 7.71865 (11.69536), cardinality_error_3_unscaled: 52.81250 (56.52542), loss_ce_4_unscaled: 2.06042 (3.31664), loss_ce_4: 2.06042 (3.31664), loss_kpts_4_unscaled: 1.57578 (2.34881), loss_kpts_4: 7.87889 (11.74406), cardinality_error_4_unscaled: 53.76562 (51.27761)
Epoch: [0][1250/2341]	Time 0.957s (2.208s)	Speed 66.9 samples/s	Data 0.000s (0.017s)	Metrics: loss_ce_unscaled: 2.10237 (3.24846), loss_ce: 2.10237 (3.24846), class_error_unscaled: 41.62359 (68.91463), loss_kpts_unscaled: 1.89029 (2.33054), loss_kpts: 9.45145 (11.65268), cardinality_error_unscaled: 23.64062 (50.57278), loss_ce_0_unscaled: 2.83890 (3.49347), loss_ce_0: 2.83890 (3.49347), loss_kpts_0_unscaled: 1.61880 (2.26811), loss_kpts_0: 8.09402 (11.34057), cardinality_error_0_unscaled: 41.31250 (50.58146), loss_ce_1_unscaled: 2.36557 (3.31593), loss_ce_1: 2.36557 (3.31593), loss_kpts_1_unscaled: 1.81440 (2.29121), loss_kpts_1: 9.07200 (11.45606), cardinality_error_1_unscaled: 39.51562 (53.10540), loss_ce_2_unscaled: 2.14106 (3.24276), loss_ce_2: 2.14106 (3.24276), loss_kpts_2_unscaled: 1.88099 (2.31045), loss_kpts_2: 9.40495 (11.55224), cardinality_error_2_unscaled: 39.03125 (54.70073), loss_ce_3_unscaled: 2.13906 (3.26535), loss_ce_3: 2.13906 (3.26535), loss_kpts_3_unscaled: 1.83143 (2.31412), loss_kpts_3: 9.15717 (11.57058), cardinality_error_3_unscaled: 37.70312 (56.02057), loss_ce_4_unscaled: 2.15835 (3.26839), loss_ce_4: 2.15835 (3.26839), loss_kpts_4_unscaled: 1.88757 (2.32441), loss_kpts_4: 9.43783 (11.62206), cardinality_error_4_unscaled: 29.17188 (50.74980)
Epoch: [0][1300/2341]	Time 1.064s (2.163s)	Speed 60.2 samples/s	Data 0.000s (0.016s)	Metrics: loss_ce_unscaled: 2.11536 (3.20211), loss_ce: 2.11536 (3.20211), class_error_unscaled: 41.27115 (67.80032), loss_kpts_unscaled: 1.59551 (2.30860), loss_kpts: 7.97755 (11.54302), cardinality_error_unscaled: 35.92188 (49.88964), loss_ce_0_unscaled: 2.78176 (3.46577), loss_ce_0: 2.78176 (3.46577), loss_kpts_0_unscaled: 1.31303 (2.24024), loss_kpts_0: 6.56516 (11.20118), cardinality_error_0_unscaled: 41.23438 (50.17055), loss_ce_1_unscaled: 2.34283 (3.27735), loss_ce_1: 2.34283 (3.27735), loss_kpts_1_unscaled: 1.43420 (2.26778), loss_kpts_1: 7.17101 (11.33891), cardinality_error_1_unscaled: 45.79688 (52.77688), loss_ce_2_unscaled: 2.13909 (3.19932), loss_ce_2: 2.13909 (3.19932), loss_kpts_2_unscaled: 1.45910 (2.28852), loss_kpts_2: 7.29552 (11.44262), cardinality_error_2_unscaled: 43.95312 (54.34379), loss_ce_3_unscaled: 2.08264 (3.21957), loss_ce_3: 2.08264 (3.21957), loss_kpts_3_unscaled: 1.44659 (2.29221), loss_kpts_3: 7.23297 (11.46104), cardinality_error_3_unscaled: 45.04688 (55.72878), loss_ce_4_unscaled: 2.13895 (3.22323), loss_ce_4: 2.13895 (3.22323), loss_kpts_4_unscaled: 1.53897 (2.30247), loss_kpts_4: 7.69485 (11.51237), cardinality_error_4_unscaled: 38.25000 (50.31401)
Epoch: [0][1350/2341]	Time 1.126s (2.122s)	Speed 56.8 samples/s	Data 0.000s (0.016s)	Metrics: loss_ce_unscaled: 1.75428 (3.15753), loss_ce: 1.75428 (3.15753), class_error_unscaled: 35.24436 (66.76025), loss_kpts_unscaled: 1.26006 (2.28723), loss_kpts: 6.30031 (11.43617), cardinality_error_unscaled: 30.59375 (49.28944), loss_ce_0_unscaled: 2.47015 (3.43813), loss_ce_0: 2.47015 (3.43813), loss_kpts_0_unscaled: 1.09683 (2.21347), loss_kpts_0: 5.48414 (11.06736), cardinality_error_0_unscaled: 49.39062 (49.94976), loss_ce_1_unscaled: 2.00004 (3.23922), loss_ce_1: 2.00004 (3.23922), loss_kpts_1_unscaled: 1.23764 (2.24465), loss_kpts_1: 6.18820 (11.22325), cardinality_error_1_unscaled: 45.37500 (52.36279), loss_ce_2_unscaled: 1.85319 (3.15724), loss_ce_2: 1.85319 (3.15724), loss_kpts_2_unscaled: 1.27593 (2.26641), loss_kpts_2: 6.37967 (11.33206), cardinality_error_2_unscaled: 50.03125 (54.06589), loss_ce_3_unscaled: 1.84320 (3.17586), loss_ce_3: 1.84320 (3.17586), loss_kpts_3_unscaled: 1.23672 (2.27048), loss_kpts_3: 6.18361 (11.35240), cardinality_error_3_unscaled: 50.50000 (55.47290), loss_ce_4_unscaled: 1.79447 (3.18032), loss_ce_4: 1.79447 (3.18032), loss_kpts_4_unscaled: 1.23306 (2.28076), loss_kpts_4: 6.16528 (11.40380), cardinality_error_4_unscaled: 43.35938 (50.04860)
Epoch: [0][1400/2341]	Time 1.042s (2.084s)	Speed 61.4 samples/s	Data 0.000s (0.015s)	Metrics: loss_ce_unscaled: 2.01833 (3.11533), loss_ce: 2.01833 (3.11533), class_error_unscaled: 39.76739 (65.78129), loss_kpts_unscaled: 1.54865 (2.26563), loss_kpts: 7.74323 (11.32813), cardinality_error_unscaled: 27.43750 (48.75931), loss_ce_0_unscaled: 2.70116 (3.41120), loss_ce_0: 2.70116 (3.41120), loss_kpts_0_unscaled: 1.39722 (2.18747), loss_kpts_0: 6.98610 (10.93736), cardinality_error_0_unscaled: 35.75000 (49.57824), loss_ce_1_unscaled: 2.21841 (3.20097), loss_ce_1: 2.21841 (3.20097), loss_kpts_1_unscaled: 1.51167 (2.22209), loss_kpts_1: 7.55834 (11.11046), cardinality_error_1_unscaled: 39.84375 (51.87150), loss_ce_2_unscaled: 2.06032 (3.11616), loss_ce_2: 2.06032 (3.11616), loss_kpts_2_unscaled: 1.55112 (2.24455), loss_kpts_2: 7.75562 (11.22273), cardinality_error_2_unscaled: 47.34375 (53.71649), loss_ce_3_unscaled: 2.06727 (3.13420), loss_ce_3: 2.06727 (3.13420), loss_kpts_3_unscaled: 1.56901 (2.24921), loss_kpts_3: 7.84506 (11.24606), cardinality_error_3_unscaled: 43.57812 (55.22606), loss_ce_4_unscaled: 2.03268 (3.13868), loss_ce_4: 2.03268 (3.13868), loss_kpts_4_unscaled: 1.55679 (2.25897), loss_kpts_4: 7.78393 (11.29485), cardinality_error_4_unscaled: 30.18750 (49.71847)
Traceback (most recent call last):
  File "/home/zhhb/miniconda3/envs/mypose/lib/python3.9/multiprocessing/resource_sharer.py", line 139, in _serve
    msg = conn.recv()
  File "/home/zhhb/miniconda3/envs/mypose/lib/python3.9/multiprocessing/connection.py", line 250, in recv
    buf = self._recv_bytes()
  File "/home/zhhb/miniconda3/envs/mypose/lib/python3.9/multiprocessing/connection.py", line 414, in _recv_bytes
    buf = self._recv(4)
  File "/home/zhhb/miniconda3/envs/mypose/lib/python3.9/multiprocessing/connection.py", line 383, in _recv
    raise EOFError
EOFError
