2024-11-26 21:19:32,110 Namespace(cfg='/home/zhhb/Projects/PRTR/two_stage/experiments/coco/transformer/res50_384x288_adamw_lr1e-4.yaml', opts=[], modelDir='', logDir='', dataDir='', prevModelDir='')
2024-11-26 21:19:32,110 AUTO_RESUME: True
CUDNN:
  BENCHMARK: True
  DETERMINISTIC: False
  ENABLED: True
DATASET:
  COLOR_RGB: False
  DATASET: coco
  DATA_FORMAT: jpg
  FLIP: True
  HYBRID_JOINTS_TYPE: 
  NUM_JOINTS_HALF_BODY: 8
  PROB_HALF_BODY: 0.0
  ROOT: /home/zhhb/Projects/mypose/data/coco
  ROT_FACTOR: 40
  SCALE_FACTOR: 0.3
  SELECT_DATA: False
  TEST_SET: val2017
  TRAIN_SET: train2017
DATA_DIR: 
DEBUG:
  DEBUG: True
  SAVE_BATCH_IMAGES_GT: True
  SAVE_BATCH_IMAGES_PRED: True
  SAVE_HEATMAPS_GT: False
  SAVE_HEATMAPS_PRED: False
GPUS: (0,)
LOG_DIR: log
LOSS:
  TOPK: 8
  USE_DIFFERENT_JOINTS_WEIGHT: False
  USE_OHKM: False
  USE_TARGET_WEIGHT: True
MODEL:
  EXTRA:
    AUX_LOSS: True
    DEC_LAYERS: 6
    DILATION: False
    DIM_FEEDFORWARD: 2048
    DROPOUT: 0.0
    ENC_LAYERS: 6
    EOS_COEF: 0.1
    HIDDEN_DIM: 256
    KPT_LOSS_COEF: 5.0
    NHEADS: 8
    NUM_LAYERS: 50
    NUM_QUERIES: 100
    POS_EMBED_METHOD: sine
    PRE_NORM: False
  HEATMAP_SIZE: [72, 96]
  IMAGE_SIZE: [288, 384]
  INIT_WEIGHTS: True
  NAME: pose_transformer
  NUM_JOINTS: 17
  PRETRAINED: 
  SIGMA: 2
  TAG_PER_JOINT: True
  TARGET_TYPE: coord
OUTPUT_DIR: output
PIN_MEMORY: True
PRINT_FREQ: 50
RANK: 0
SAVE_FREQ: 1
TEST:
  BATCH_SIZE_PER_GPU: 64
  BBOX_THRE: 1.0
  COCO_BBOX_FILE: data/coco/person_detection_results/COCO_val2017_detr_detections.json
  FLIP_TEST: True
  IMAGE_THRE: 0.0
  INCLUDE_BG_LOGIT: False
  IN_VIS_THRE: 0.2
  MODEL_FILE: 
  NMS_THRE: 1.0
  OKS_THRE: 0.9
  POST_PROCESS: True
  SHIFT_HEATMAP: True
  SOFT_NMS: False
  USE_GT_BBOX: True
TRAIN:
  BATCH_SIZE_PER_GPU: 32
  BEGIN_EPOCH: 0
  CHECKPOINT: 
  CLIP_MAX_NORM: 0.1
  END_EPOCH: 200
  GAMMA1: 0.99
  GAMMA2: 0.0
  LR: 0.0001
  LR_BACKBONE: 1e-05
  LR_FACTOR: 0.5
  LR_STEP: [120, 140]
  MOMENTUM: 0.9
  NESTEROV: False
  OPTIMIZER: adamW
  RESUME: False
  SHUFFLE: True
  WD: 0.0001
WORKERS: 8
2024-11-26 21:19:32,526 => Loading backbone, pretrained: True
2024-11-26 21:19:40,823 => classes: ['__background__', 'person']
2024-11-26 21:19:40,828 => num_images: 118287
